15:16:09 **** Clean-only build of configuration Debug for project uart_test_project ****
make -j8 clean 
rm -rf *
 
15:16:10 **** Build of configuration Debug for project uart_test_project ****
make -j8 all 
Building file: ../startup/startup_stm32.s
Building file: ../src/fifo.c
Building file: ../src/main.c
Building file: ../src/syscalls.c
Invoking: MCU GCC Assembler
Building file: ../src/system_stm32f4xx.c
Invoking: MCU GCC Compiler
Building file: ../src/tty.c
Invoking: MCU GCC Compiler
Building file: ../StdPeriph_Driver/src/misc.c
Invoking: MCU GCC Compiler
C:\Users\Michael\OneDrive - purdue.edu\Senior_Year\Fall_2022\ECE47700\src\uart_test_project\Debug
Invoking: MCU GCC Compiler
arm-none-eabi-as -mcpu=cortex-m4 -mthumb -mfloat-abi=hard -mfpu=fpv4-sp-d16 -I"C:/Users/Michael/OneDrive - purdue.edu/Senior_Year/Fall_2022/ECE47700/src/uart_test_project/StdPeriph_Driver/inc" -I"C:/Users/Michael/OneDrive - purdue.edu/Senior_Year/Fall_2022/ECE47700/src/uart_test_project/inc" -I"C:/Users/Michael/OneDrive - purdue.edu/Senior_Year/Fall_2022/ECE47700/src/uart_test_project/CMSIS/device" -I"C:/Users/Michael/OneDrive - purdue.edu/Senior_Year/Fall_2022/ECE47700/src/uart_test_project/CMSIS/core" -g -o "startup/startup_stm32.o" "../startup/startup_stm32.s"
C:\Users\Michael\OneDrive - purdue.edu\Senior_Year\Fall_2022\ECE47700\src\uart_test_project\Debug
Invoking: MCU GCC Compiler
C:\Users\Michael\OneDrive - purdue.edu\Senior_Year\Fall_2022\ECE47700\src\uart_test_project\Debug
Building file: ../StdPeriph_Driver/src/stm32f4xx_adc.c
arm-none-eabi-gcc -mcpu=cortex-m4 -mthumb -mfloat-abi=hard -mfpu=fpv4-sp-d16 -DSTM32 -DSTM32F4 -DSTM32F446RETx -DNUCLEO_F446RE -DDEBUG -DSTM32F446xx -DUSE_STDPERIPH_DRIVER -I"C:/Users/Michael/OneDrive - purdue.edu/Senior_Year/Fall_2022/ECE47700/src/uart_test_project/StdPeriph_Driver/inc" -I"C:/Users/Michael/OneDrive - purdue.edu/Senior_Year/Fall_2022/ECE47700/src/uart_test_project/inc" -I"C:/Users/Michael/OneDrive - purdue.edu/Senior_Year/Fall_2022/ECE47700/src/uart_test_project/CMSIS/device" -I"C:/Users/Michael/OneDrive - purdue.edu/Senior_Year/Fall_2022/ECE47700/src/uart_test_project/CMSIS/core" -O0 -g3 -Wall -fmessage-length=0 -ffunction-sections -c -MMD -MP -MF"src/main.d" -MT"src/main.o" -o "src/main.o" "../src/main.c"
Invoking: MCU GCC Compiler
arm-none-eabi-gcc -mcpu=cortex-m4 -mthumb -mfloat-abi=hard -mfpu=fpv4-sp-d16 -DSTM32 -DSTM32F4 -DSTM32F446RETx -DNUCLEO_F446RE -DDEBUG -DSTM32F446xx -DUSE_STDPERIPH_DRIVER -I"C:/Users/Michael/OneDrive - purdue.edu/Senior_Year/Fall_2022/ECE47700/src/uart_test_project/StdPeriph_Driver/inc" -I"C:/Users/Michael/OneDrive - purdue.edu/Senior_Year/Fall_2022/ECE47700/src/uart_test_project/inc" -I"C:/Users/Michael/OneDrive - purdue.edu/Senior_Year/Fall_2022/ECE47700/src/uart_test_project/CMSIS/device" -I"C:/Users/Michael/OneDrive - purdue.edu/Senior_Year/Fall_2022/ECE47700/src/uart_test_project/CMSIS/core" -O0 -g3 -Wall -fmessage-length=0 -ffunction-sections -c -MMD -MP -MF"src/fifo.d" -MT"src/fifo.o" -o "src/fifo.o" "../src/fifo.c"
C:\Users\Michael\OneDrive - purdue.edu\Senior_Year\Fall_2022\ECE47700\src\uart_test_project\Debug
C:\Users\Michael\OneDrive - purdue.edu\Senior_Year\Fall_2022\ECE47700\src\uart_test_project\Debug
C:\Users\Michael\OneDrive - purdue.edu\Senior_Year\Fall_2022\ECE47700\src\uart_test_project\Debug
Invoking: MCU GCC Compiler
arm-none-eabi-gcc -mcpu=cortex-m4 -mthumb -mfloat-abi=hard -mfpu=fpv4-sp-d16 -DSTM32 -DSTM32F4 -DSTM32F446RETx -DNUCLEO_F446RE -DDEBUG -DSTM32F446xx -DUSE_STDPERIPH_DRIVER -I"C:/Users/Michael/OneDrive - purdue.edu/Senior_Year/Fall_2022/ECE47700/src/uart_test_project/StdPeriph_Driver/inc" -I"C:/Users/Michael/OneDrive - purdue.edu/Senior_Year/Fall_2022/ECE47700/src/uart_test_project/inc" -I"C:/Users/Michael/OneDrive - purdue.edu/Senior_Year/Fall_2022/ECE47700/src/uart_test_project/CMSIS/device" -I"C:/Users/Michael/OneDrive - purdue.edu/Senior_Year/Fall_2022/ECE47700/src/uart_test_project/CMSIS/core" -O0 -g3 -Wall -fmessage-length=0 -ffunction-sections -c -MMD -MP -MF"src/syscalls.d" -MT"src/syscalls.o" -o "src/syscalls.o" "../src/syscalls.c"
arm-none-eabi-gcc -mcpu=cortex-m4 -mthumb -mfloat-abi=hard -mfpu=fpv4-sp-d16 -DSTM32 -DSTM32F4 -DSTM32F446RETx -DNUCLEO_F446RE -DDEBUG -DSTM32F446xx -DUSE_STDPERIPH_DRIVER -I"C:/Users/Michael/OneDrive - purdue.edu/Senior_Year/Fall_2022/ECE47700/src/uart_test_project/StdPeriph_Driver/inc" -I"C:/Users/Michael/OneDrive - purdue.edu/Senior_Year/Fall_2022/ECE47700/src/uart_test_project/inc" -I"C:/Users/Michael/OneDrive - purdue.edu/Senior_Year/Fall_2022/ECE47700/src/uart_test_project/CMSIS/device" -I"C:/Users/Michael/OneDrive - purdue.edu/Senior_Year/Fall_2022/ECE47700/src/uart_test_project/CMSIS/core" -O0 -g3 -Wall -fmessage-length=0 -ffunction-sections -c -MMD -MP -MF"src/system_stm32f4xx.d" -MT"src/system_stm32f4xx.o" -o "src/system_stm32f4xx.o" "../src/system_stm32f4xx.c"
arm-none-eabi-gcc -mcpu=cortex-m4 -mthumb -mfloat-abi=hard -mfpu=fpv4-sp-d16 -DSTM32 -DSTM32F4 -DSTM32F446RETx -DNUCLEO_F446RE -DDEBUG -DSTM32F446xx -DUSE_STDPERIPH_DRIVER -I"C:/Users/Michael/OneDrive - purdue.edu/Senior_Year/Fall_2022/ECE47700/src/uart_test_project/StdPeriph_Driver/inc" -I"C:/Users/Michael/OneDrive - purdue.edu/Senior_Year/Fall_2022/ECE47700/src/uart_test_project/inc" -I"C:/Users/Michael/OneDrive - purdue.edu/Senior_Year/Fall_2022/ECE47700/src/uart_test_project/CMSIS/device" -I"C:/Users/Michael/OneDrive - purdue.edu/Senior_Year/Fall_2022/ECE47700/src/uart_test_project/CMSIS/core" -O0 -g3 -Wall -fmessage-length=0 -ffunction-sections -c -MMD -MP -MF"src/tty.d" -MT"src/tty.o" -o "src/tty.o" "../src/tty.c"
C:\Users\Michael\OneDrive - purdue.edu\Senior_Year\Fall_2022\ECE47700\src\uart_test_project\Debug
arm-none-eabi-gcc -mcpu=cortex-m4 -mthumb -mfloat-abi=hard -mfpu=fpv4-sp-d16 -DSTM32 -DSTM32F4 -DSTM32F446RETx -DNUCLEO_F446RE -DDEBUG -DSTM32F446xx -DUSE_STDPERIPH_DRIVER -I"C:/Users/Michael/OneDrive - purdue.edu/Senior_Year/Fall_2022/ECE47700/src/uart_test_project/StdPeriph_Driver/inc" -I"C:/Users/Michael/OneDrive - purdue.edu/Senior_Year/Fall_2022/ECE47700/src/uart_test_project/inc" -I"C:/Users/Michael/OneDrive - purdue.edu/Senior_Year/Fall_2022/ECE47700/src/uart_test_project/CMSIS/device" -I"C:/Users/Michael/OneDrive - purdue.edu/Senior_Year/Fall_2022/ECE47700/src/uart_test_project/CMSIS/core" -O0 -g3 -Wall -fmessage-length=0 -ffunction-sections -c -MMD -MP -MF"StdPeriph_Driver/src/misc.d" -MT"StdPeriph_Driver/src/misc.o" -o "StdPeriph_Driver/src/misc.o" "../StdPeriph_Driver/src/misc.c"
C:\Users\Michael\OneDrive - purdue.edu\Senior_Year\Fall_2022\ECE47700\src\uart_test_project\Debug
arm-none-eabi-gcc -mcpu=cortex-m4 -mthumb -mfloat-abi=hard -mfpu=fpv4-sp-d16 -DSTM32 -DSTM32F4 -DSTM32F446RETx -DNUCLEO_F446RE -DDEBUG -DSTM32F446xx -DUSE_STDPERIPH_DRIVER -I"C:/Users/Michael/OneDrive - purdue.edu/Senior_Year/Fall_2022/ECE47700/src/uart_test_project/StdPeriph_Driver/inc" -I"C:/Users/Michael/OneDrive - purdue.edu/Senior_Year/Fall_2022/ECE47700/src/uart_test_project/inc" -I"C:/Users/Michael/OneDrive - purdue.edu/Senior_Year/Fall_2022/ECE47700/src/uart_test_project/CMSIS/device" -I"C:/Users/Michael/OneDrive - purdue.edu/Senior_Year/Fall_2022/ECE47700/src/uart_test_project/CMSIS/core" -O0 -g3 -Wall -fmessage-length=0 -ffunction-sections -c -MMD -MP -MF"StdPeriph_Driver/src/stm32f4xx_adc.d" -MT"StdPeriph_Driver/src/stm32f4xx_adc.o" -o "StdPeriph_Driver/src/stm32f4xx_adc.o" "../StdPeriph_Driver/src/stm32f4xx_adc.c"
../src/system_stm32f4xx.c: In function 'SetSysClock':
../src/system_stm32f4xx.c:760:5: warning: this 'while' clause does not guard... [-Wmisleading-indentation]
     while ((RCC->CFGR & (uint32_t)RCC_CFGR_SWS ) != RCC_CFGR_SWS_PLL);
     ^~~~~
../src/system_stm32f4xx.c:761:5: note: ...this statement, but the latter is misleadingly indented as if it were guarded by the 'while'
     {
     ^
At top level:
../src/system_stm32f4xx.c:654:13: warning: 'SetSysClock' defined but not used [-Wunused-function]
 static void SetSysClock(void)
             ^~~~~~~~~~~
Finished building: ../startup/startup_stm32.s
../src/main.c: In function 'enable_tty_interrupt':
../src/main.c:30:21: warning: left shift count >= width of type [-Wshift-count-overflow]
  NVIC->ISER[0] |= 1 << 37;
                     ^~
../src/main.c: In function 'main':
../src/main.c:112:26: warning: result of '255 << 28' requires 37 bits to represent, but 'int' only has 32 bits [-Wshift-overflow=]
  GPIOB->AFR[0] &= ~(0xFF << (7 *4));
                          ^~
../src/tty.c: In function 'putstr':
../src/tty.c:16:9: warning: implicit declaration of function '__io_putchar'; did you mean '__sputc_r'? [-Wimplicit-function-declaration]
         __io_putchar(*s++);
         ^~~~~~~~~~~~
         __sputc_r
../src/tty.c: In function 'line_buffer_getchar':
../src/tty.c:62:6: error: expected expression before 'char'
      char temp = u->DR;//read DR, clears overrun
      ^~~~
 
Building file: ../StdPeriph_Driver/src/stm32f4xx_can.c
src/subdir.mk:30: recipe for target 'src/tty.o' failed
make: *** [src/tty.o] Error 1
make: *** Waiting for unfinished jobs....
Invoking: MCU GCC Compiler
C:\Users\Michael\OneDrive - purdue.edu\Senior_Year\Fall_2022\ECE47700\src\uart_test_project\Debug
arm-none-eabi-gcc -mcpu=cortex-m4 -mthumb -mfloat-abi=hard -mfpu=fpv4-sp-d16 -DSTM32 -DSTM32F4 -DSTM32F446RETx -DNUCLEO_F446RE -DDEBUG -DSTM32F446xx -DUSE_STDPERIPH_DRIVER -I"C:/Users/Michael/OneDrive - purdue.edu/Senior_Year/Fall_2022/ECE47700/src/uart_test_project/StdPeriph_Driver/inc" -I"C:/Users/Michael/OneDrive - purdue.edu/Senior_Year/Fall_2022/ECE47700/src/uart_test_project/inc" -I"C:/Users/Michael/OneDrive - purdue.edu/Senior_Year/Fall_2022/ECE47700/src/uart_test_project/CMSIS/device" -I"C:/Users/Michael/OneDrive - purdue.edu/Senior_Year/Fall_2022/ECE47700/src/uart_test_project/CMSIS/core" -O0 -g3 -Wall -fmessage-length=0 -ffunction-sections -c -MMD -MP -MF"StdPeriph_Driver/src/stm32f4xx_can.d" -MT"StdPeriph_Driver/src/stm32f4xx_can.o" -o "StdPeriph_Driver/src/stm32f4xx_can.o" "../StdPeriph_Driver/src/stm32f4xx_can.c"
Finished building: ../src/fifo.c
Finished building: ../src/syscalls.c
Finished building: ../StdPeriph_Driver/src/stm32f4xx_adc.c
Finished building: ../src/main.c
Finished building: ../src/system_stm32f4xx.c
 
 
 
Finished building: ../StdPeriph_Driver/src/misc.c
 
 
 
Finished building: ../StdPeriph_Driver/src/stm32f4xx_can.c
 
15:16:31 **** Incremental Build of configuration Debug for project uart_test_project ****
make -j8 all 
Building file: ../src/tty.c
Building file: ../StdPeriph_Driver/src/stm32f4xx_cec.c
Building file: ../StdPeriph_Driver/src/stm32f4xx_crc.c
Invoking: MCU GCC Compiler
Building file: ../StdPeriph_Driver/src/stm32f4xx_cryp.c
Invoking: MCU GCC Compiler
Building file: ../StdPeriph_Driver/src/stm32f4xx_cryp_aes.c
Invoking: MCU GCC Compiler
Building file: ../StdPeriph_Driver/src/stm32f4xx_cryp_des.c
C:\Users\Michael\OneDrive - purdue.edu\Senior_Year\Fall_2022\ECE47700\src\uart_test_project\Debug
Invoking: MCU GCC Compiler
C:\Users\Michael\OneDrive - purdue.edu\Senior_Year\Fall_2022\ECE47700\src\uart_test_project\Debug
arm-none-eabi-gcc -mcpu=cortex-m4 -mthumb -mfloat-abi=hard -mfpu=fpv4-sp-d16 -DSTM32 -DSTM32F4 -DSTM32F446RETx -DNUCLEO_F446RE -DDEBUG -DSTM32F446xx -DUSE_STDPERIPH_DRIVER -I"C:/Users/Michael/OneDrive - purdue.edu/Senior_Year/Fall_2022/ECE47700/src/uart_test_project/StdPeriph_Driver/inc" -I"C:/Users/Michael/OneDrive - purdue.edu/Senior_Year/Fall_2022/ECE47700/src/uart_test_project/inc" -I"C:/Users/Michael/OneDrive - purdue.edu/Senior_Year/Fall_2022/ECE47700/src/uart_test_project/CMSIS/device" -I"C:/Users/Michael/OneDrive - purdue.edu/Senior_Year/Fall_2022/ECE47700/src/uart_test_project/CMSIS/core" -O0 -g3 -Wall -fmessage-length=0 -ffunction-sections -c -MMD -MP -MF"src/tty.d" -MT"src/tty.o" -o "src/tty.o" "../src/tty.c"
Invoking: MCU GCC Compiler
C:\Users\Michael\OneDrive - purdue.edu\Senior_Year\Fall_2022\ECE47700\src\uart_test_project\Debug
arm-none-eabi-gcc -mcpu=cortex-m4 -mthumb -mfloat-abi=hard -mfpu=fpv4-sp-d16 -DSTM32 -DSTM32F4 -DSTM32F446RETx -DNUCLEO_F446RE -DDEBUG -DSTM32F446xx -DUSE_STDPERIPH_DRIVER -I"C:/Users/Michael/OneDrive - purdue.edu/Senior_Year/Fall_2022/ECE47700/src/uart_test_project/StdPeriph_Driver/inc" -I"C:/Users/Michael/OneDrive - purdue.edu/Senior_Year/Fall_2022/ECE47700/src/uart_test_project/inc" -I"C:/Users/Michael/OneDrive - purdue.edu/Senior_Year/Fall_2022/ECE47700/src/uart_test_project/CMSIS/device" -I"C:/Users/Michael/OneDrive - purdue.edu/Senior_Year/Fall_2022/ECE47700/src/uart_test_project/CMSIS/core" -O0 -g3 -Wall -fmessage-length=0 -ffunction-sections -c -MMD -MP -MF"StdPeriph_Driver/src/stm32f4xx_crc.d" -MT"StdPeriph_Driver/src/stm32f4xx_crc.o" -o "StdPeriph_Driver/src/stm32f4xx_crc.o" "../StdPeriph_Driver/src/stm32f4xx_crc.c"
Invoking: MCU GCC Compiler
Building file: ../StdPeriph_Driver/src/stm32f4xx_dac.c
C:\Users\Michael\OneDrive - purdue.edu\Senior_Year\Fall_2022\ECE47700\src\uart_test_project\Debug
Building file: ../StdPeriph_Driver/src/stm32f4xx_cryp_tdes.c
arm-none-eabi-gcc -mcpu=cortex-m4 -mthumb -mfloat-abi=hard -mfpu=fpv4-sp-d16 -DSTM32 -DSTM32F4 -DSTM32F446RETx -DNUCLEO_F446RE -DDEBUG -DSTM32F446xx -DUSE_STDPERIPH_DRIVER -I"C:/Users/Michael/OneDrive - purdue.edu/Senior_Year/Fall_2022/ECE47700/src/uart_test_project/StdPeriph_Driver/inc" -I"C:/Users/Michael/OneDrive - purdue.edu/Senior_Year/Fall_2022/ECE47700/src/uart_test_project/inc" -I"C:/Users/Michael/OneDrive - purdue.edu/Senior_Year/Fall_2022/ECE47700/src/uart_test_project/CMSIS/device" -I"C:/Users/Michael/OneDrive - purdue.edu/Senior_Year/Fall_2022/ECE47700/src/uart_test_project/CMSIS/core" -O0 -g3 -Wall -fmessage-length=0 -ffunction-sections -c -MMD -MP -MF"StdPeriph_Driver/src/stm32f4xx_cec.d" -MT"StdPeriph_Driver/src/stm32f4xx_cec.o" -o "StdPeriph_Driver/src/stm32f4xx_cec.o" "../StdPeriph_Driver/src/stm32f4xx_cec.c"
C:\Users\Michael\OneDrive - purdue.edu\Senior_Year\Fall_2022\ECE47700\src\uart_test_project\Debug
arm-none-eabi-gcc -mcpu=cortex-m4 -mthumb -mfloat-abi=hard -mfpu=fpv4-sp-d16 -DSTM32 -DSTM32F4 -DSTM32F446RETx -DNUCLEO_F446RE -DDEBUG -DSTM32F446xx -DUSE_STDPERIPH_DRIVER -I"C:/Users/Michael/OneDrive - purdue.edu/Senior_Year/Fall_2022/ECE47700/src/uart_test_project/StdPeriph_Driver/inc" -I"C:/Users/Michael/OneDrive - purdue.edu/Senior_Year/Fall_2022/ECE47700/src/uart_test_project/inc" -I"C:/Users/Michael/OneDrive - purdue.edu/Senior_Year/Fall_2022/ECE47700/src/uart_test_project/CMSIS/device" -I"C:/Users/Michael/OneDrive - purdue.edu/Senior_Year/Fall_2022/ECE47700/src/uart_test_project/CMSIS/core" -O0 -g3 -Wall -fmessage-length=0 -ffunction-sections -c -MMD -MP -MF"StdPeriph_Driver/src/stm32f4xx_cryp.d" -MT"StdPeriph_Driver/src/stm32f4xx_cryp.o" -o "StdPeriph_Driver/src/stm32f4xx_cryp.o" "../StdPeriph_Driver/src/stm32f4xx_cryp.c"
Invoking: MCU GCC Compiler
arm-none-eabi-gcc -mcpu=cortex-m4 -mthumb -mfloat-abi=hard -mfpu=fpv4-sp-d16 -DSTM32 -DSTM32F4 -DSTM32F446RETx -DNUCLEO_F446RE -DDEBUG -DSTM32F446xx -DUSE_STDPERIPH_DRIVER -I"C:/Users/Michael/OneDrive - purdue.edu/Senior_Year/Fall_2022/ECE47700/src/uart_test_project/StdPeriph_Driver/inc" -I"C:/Users/Michael/OneDrive - purdue.edu/Senior_Year/Fall_2022/ECE47700/src/uart_test_project/inc" -I"C:/Users/Michael/OneDrive - purdue.edu/Senior_Year/Fall_2022/ECE47700/src/uart_test_project/CMSIS/device" -I"C:/Users/Michael/OneDrive - purdue.edu/Senior_Year/Fall_2022/ECE47700/src/uart_test_project/CMSIS/core" -O0 -g3 -Wall -fmessage-length=0 -ffunction-sections -c -MMD -MP -MF"StdPeriph_Driver/src/stm32f4xx_cryp_aes.d" -MT"StdPeriph_Driver/src/stm32f4xx_cryp_aes.o" -o "StdPeriph_Driver/src/stm32f4xx_cryp_aes.o" "../StdPeriph_Driver/src/stm32f4xx_cryp_aes.c"
C:\Users\Michael\OneDrive - purdue.edu\Senior_Year\Fall_2022\ECE47700\src\uart_test_project\Debug
arm-none-eabi-gcc -mcpu=cortex-m4 -mthumb -mfloat-abi=hard -mfpu=fpv4-sp-d16 -DSTM32 -DSTM32F4 -DSTM32F446RETx -DNUCLEO_F446RE -DDEBUG -DSTM32F446xx -DUSE_STDPERIPH_DRIVER -I"C:/Users/Michael/OneDrive - purdue.edu/Senior_Year/Fall_2022/ECE47700/src/uart_test_project/StdPeriph_Driver/inc" -I"C:/Users/Michael/OneDrive - purdue.edu/Senior_Year/Fall_2022/ECE47700/src/uart_test_project/inc" -I"C:/Users/Michael/OneDrive - purdue.edu/Senior_Year/Fall_2022/ECE47700/src/uart_test_project/CMSIS/device" -I"C:/Users/Michael/OneDrive - purdue.edu/Senior_Year/Fall_2022/ECE47700/src/uart_test_project/CMSIS/core" -O0 -g3 -Wall -fmessage-length=0 -ffunction-sections -c -MMD -MP -MF"StdPeriph_Driver/src/stm32f4xx_cryp_des.d" -MT"StdPeriph_Driver/src/stm32f4xx_cryp_des.o" -o "StdPeriph_Driver/src/stm32f4xx_cryp_des.o" "../StdPeriph_Driver/src/stm32f4xx_cryp_des.c"
Invoking: MCU GCC Compiler
C:\Users\Michael\OneDrive - purdue.edu\Senior_Year\Fall_2022\ECE47700\src\uart_test_project\Debug
C:\Users\Michael\OneDrive - purdue.edu\Senior_Year\Fall_2022\ECE47700\src\uart_test_project\Debug
arm-none-eabi-gcc -mcpu=cortex-m4 -mthumb -mfloat-abi=hard -mfpu=fpv4-sp-d16 -DSTM32 -DSTM32F4 -DSTM32F446RETx -DNUCLEO_F446RE -DDEBUG -DSTM32F446xx -DUSE_STDPERIPH_DRIVER -I"C:/Users/Michael/OneDrive - purdue.edu/Senior_Year/Fall_2022/ECE47700/src/uart_test_project/StdPeriph_Driver/inc" -I"C:/Users/Michael/OneDrive - purdue.edu/Senior_Year/Fall_2022/ECE47700/src/uart_test_project/inc" -I"C:/Users/Michael/OneDrive - purdue.edu/Senior_Year/Fall_2022/ECE47700/src/uart_test_project/CMSIS/device" -I"C:/Users/Michael/OneDrive - purdue.edu/Senior_Year/Fall_2022/ECE47700/src/uart_test_project/CMSIS/core" -O0 -g3 -Wall -fmessage-length=0 -ffunction-sections -c -MMD -MP -MF"StdPeriph_Driver/src/stm32f4xx_dac.d" -MT"StdPeriph_Driver/src/stm32f4xx_dac.o" -o "StdPeriph_Driver/src/stm32f4xx_dac.o" "../StdPeriph_Driver/src/stm32f4xx_dac.c"
arm-none-eabi-gcc -mcpu=cortex-m4 -mthumb -mfloat-abi=hard -mfpu=fpv4-sp-d16 -DSTM32 -DSTM32F4 -DSTM32F446RETx -DNUCLEO_F446RE -DDEBUG -DSTM32F446xx -DUSE_STDPERIPH_DRIVER -I"C:/Users/Michael/OneDrive - purdue.edu/Senior_Year/Fall_2022/ECE47700/src/uart_test_project/StdPeriph_Driver/inc" -I"C:/Users/Michael/OneDrive - purdue.edu/Senior_Year/Fall_2022/ECE47700/src/uart_test_project/inc" -I"C:/Users/Michael/OneDrive - purdue.edu/Senior_Year/Fall_2022/ECE47700/src/uart_test_project/CMSIS/device" -I"C:/Users/Michael/OneDrive - purdue.edu/Senior_Year/Fall_2022/ECE47700/src/uart_test_project/CMSIS/core" -O0 -g3 -Wall -fmessage-length=0 -ffunction-sections -c -MMD -MP -MF"StdPeriph_Driver/src/stm32f4xx_cryp_tdes.d" -MT"StdPeriph_Driver/src/stm32f4xx_cryp_tdes.o" -o "StdPeriph_Driver/src/stm32f4xx_cryp_tdes.o" "../StdPeriph_Driver/src/stm32f4xx_cryp_tdes.c"
../src/tty.c: In function 'putstr':
../src/tty.c:16:9: warning: implicit declaration of function '__io_putchar'; did you mean '__sputc_r'? [-Wimplicit-function-declaration]
         __io_putchar(*s++);
         ^~~~~~~~~~~~
         __sputc_r
Finished building: ../StdPeriph_Driver/src/stm32f4xx_crc.c
Finished building: ../StdPeriph_Driver/src/stm32f4xx_cec.c
Finished building: ../StdPeriph_Driver/src/stm32f4xx_cryp_des.c
Finished building: ../StdPeriph_Driver/src/stm32f4xx_cryp_aes.c
 
 
Building file: ../StdPeriph_Driver/src/stm32f4xx_dbgmcu.c
 
 
Finished building: ../StdPeriph_Driver/src/stm32f4xx_cryp_tdes.c
Finished building: ../StdPeriph_Driver/src/stm32f4xx_cryp.c
Finished building: ../src/tty.c
Building file: ../StdPeriph_Driver/src/stm32f4xx_dcmi.c
Finished building: ../StdPeriph_Driver/src/stm32f4xx_dac.c
Building file: ../StdPeriph_Driver/src/stm32f4xx_dfsdm.c
Invoking: MCU GCC Compiler
 
Building file: ../StdPeriph_Driver/src/stm32f4xx_dma.c
Invoking: MCU GCC Compiler
 
 
Invoking: MCU GCC Compiler
Building file: ../StdPeriph_Driver/src/stm32f4xx_dma2d.c
 
C:\Users\Michael\OneDrive - purdue.edu\Senior_Year\Fall_2022\ECE47700\src\uart_test_project\Debug
arm-none-eabi-gcc -mcpu=cortex-m4 -mthumb -mfloat-abi=hard -mfpu=fpv4-sp-d16 -DSTM32 -DSTM32F4 -DSTM32F446RETx -DNUCLEO_F446RE -DDEBUG -DSTM32F446xx -DUSE_STDPERIPH_DRIVER -I"C:/Users/Michael/OneDrive - purdue.edu/Senior_Year/Fall_2022/ECE47700/src/uart_test_project/StdPeriph_Driver/inc" -I"C:/Users/Michael/OneDrive - purdue.edu/Senior_Year/Fall_2022/ECE47700/src/uart_test_project/inc" -I"C:/Users/Michael/OneDrive - purdue.edu/Senior_Year/Fall_2022/ECE47700/src/uart_test_project/CMSIS/device" -I"C:/Users/Michael/OneDrive - purdue.edu/Senior_Year/Fall_2022/ECE47700/src/uart_test_project/CMSIS/core" -O0 -g3 -Wall -fmessage-length=0 -ffunction-sections -c -MMD -MP -MF"StdPeriph_Driver/src/stm32f4xx_dbgmcu.d" -MT"StdPeriph_Driver/src/stm32f4xx_dbgmcu.o" -o "StdPeriph_Driver/src/stm32f4xx_dbgmcu.o" "../StdPeriph_Driver/src/stm32f4xx_dbgmcu.c"
Invoking: MCU GCC Compiler
C:\Users\Michael\OneDrive - purdue.edu\Senior_Year\Fall_2022\ECE47700\src\uart_test_project\Debug
C:\Users\Michael\OneDrive - purdue.edu\Senior_Year\Fall_2022\ECE47700\src\uart_test_project\Debug
arm-none-eabi-gcc -mcpu=cortex-m4 -mthumb -mfloat-abi=hard -mfpu=fpv4-sp-d16 -DSTM32 -DSTM32F4 -DSTM32F446RETx -DNUCLEO_F446RE -DDEBUG -DSTM32F446xx -DUSE_STDPERIPH_DRIVER -I"C:/Users/Michael/OneDrive - purdue.edu/Senior_Year/Fall_2022/ECE47700/src/uart_test_project/StdPeriph_Driver/inc" -I"C:/Users/Michael/OneDrive - purdue.edu/Senior_Year/Fall_2022/ECE47700/src/uart_test_project/inc" -I"C:/Users/Michael/OneDrive - purdue.edu/Senior_Year/Fall_2022/ECE47700/src/uart_test_project/CMSIS/device" -I"C:/Users/Michael/OneDrive - purdue.edu/Senior_Year/Fall_2022/ECE47700/src/uart_test_project/CMSIS/core" -O0 -g3 -Wall -fmessage-length=0 -ffunction-sections -c -MMD -MP -MF"StdPeriph_Driver/src/stm32f4xx_dcmi.d" -MT"StdPeriph_Driver/src/stm32f4xx_dcmi.o" -o "StdPeriph_Driver/src/stm32f4xx_dcmi.o" "../StdPeriph_Driver/src/stm32f4xx_dcmi.c"
arm-none-eabi-gcc -mcpu=cortex-m4 -mthumb -mfloat-abi=hard -mfpu=fpv4-sp-d16 -DSTM32 -DSTM32F4 -DSTM32F446RETx -DNUCLEO_F446RE -DDEBUG -DSTM32F446xx -DUSE_STDPERIPH_DRIVER -I"C:/Users/Michael/OneDrive - purdue.edu/Senior_Year/Fall_2022/ECE47700/src/uart_test_project/StdPeriph_Driver/inc" -I"C:/Users/Michael/OneDrive - purdue.edu/Senior_Year/Fall_2022/ECE47700/src/uart_test_project/inc" -I"C:/Users/Michael/OneDrive - purdue.edu/Senior_Year/Fall_2022/ECE47700/src/uart_test_project/CMSIS/device" -I"C:/Users/Michael/OneDrive - purdue.edu/Senior_Year/Fall_2022/ECE47700/src/uart_test_project/CMSIS/core" -O0 -g3 -Wall -fmessage-length=0 -ffunction-sections -c -MMD -MP -MF"StdPeriph_Driver/src/stm32f4xx_dfsdm.d" -MT"StdPeriph_Driver/src/stm32f4xx_dfsdm.o" -o "StdPeriph_Driver/src/stm32f4xx_dfsdm.o" "../StdPeriph_Driver/src/stm32f4xx_dfsdm.c"
Building file: ../StdPeriph_Driver/src/stm32f4xx_dsi.c
Invoking: MCU GCC Compiler
Building file: ../StdPeriph_Driver/src/stm32f4xx_exti.c
Building file: ../StdPeriph_Driver/src/stm32f4xx_flash.c
C:\Users\Michael\OneDrive - purdue.edu\Senior_Year\Fall_2022\ECE47700\src\uart_test_project\Debug
C:\Users\Michael\OneDrive - purdue.edu\Senior_Year\Fall_2022\ECE47700\src\uart_test_project\Debug
Invoking: MCU GCC Compiler
arm-none-eabi-gcc -mcpu=cortex-m4 -mthumb -mfloat-abi=hard -mfpu=fpv4-sp-d16 -DSTM32 -DSTM32F4 -DSTM32F446RETx -DNUCLEO_F446RE -DDEBUG -DSTM32F446xx -DUSE_STDPERIPH_DRIVER -I"C:/Users/Michael/OneDrive - purdue.edu/Senior_Year/Fall_2022/ECE47700/src/uart_test_project/StdPeriph_Driver/inc" -I"C:/Users/Michael/OneDrive - purdue.edu/Senior_Year/Fall_2022/ECE47700/src/uart_test_project/inc" -I"C:/Users/Michael/OneDrive - purdue.edu/Senior_Year/Fall_2022/ECE47700/src/uart_test_project/CMSIS/device" -I"C:/Users/Michael/OneDrive - purdue.edu/Senior_Year/Fall_2022/ECE47700/src/uart_test_project/CMSIS/core" -O0 -g3 -Wall -fmessage-length=0 -ffunction-sections -c -MMD -MP -MF"StdPeriph_Driver/src/stm32f4xx_dma.d" -MT"StdPeriph_Driver/src/stm32f4xx_dma.o" -o "StdPeriph_Driver/src/stm32f4xx_dma.o" "../StdPeriph_Driver/src/stm32f4xx_dma.c"
Invoking: MCU GCC Compiler
arm-none-eabi-gcc -mcpu=cortex-m4 -mthumb -mfloat-abi=hard -mfpu=fpv4-sp-d16 -DSTM32 -DSTM32F4 -DSTM32F446RETx -DNUCLEO_F446RE -DDEBUG -DSTM32F446xx -DUSE_STDPERIPH_DRIVER -I"C:/Users/Michael/OneDrive - purdue.edu/Senior_Year/Fall_2022/ECE47700/src/uart_test_project/StdPeriph_Driver/inc" -I"C:/Users/Michael/OneDrive - purdue.edu/Senior_Year/Fall_2022/ECE47700/src/uart_test_project/inc" -I"C:/Users/Michael/OneDrive - purdue.edu/Senior_Year/Fall_2022/ECE47700/src/uart_test_project/CMSIS/device" -I"C:/Users/Michael/OneDrive - purdue.edu/Senior_Year/Fall_2022/ECE47700/src/uart_test_project/CMSIS/core" -O0 -g3 -Wall -fmessage-length=0 -ffunction-sections -c -MMD -MP -MF"StdPeriph_Driver/src/stm32f4xx_dma2d.d" -MT"StdPeriph_Driver/src/stm32f4xx_dma2d.o" -o "StdPeriph_Driver/src/stm32f4xx_dma2d.o" "../StdPeriph_Driver/src/stm32f4xx_dma2d.c"
C:\Users\Michael\OneDrive - purdue.edu\Senior_Year\Fall_2022\ECE47700\src\uart_test_project\Debug
C:\Users\Michael\OneDrive - purdue.edu\Senior_Year\Fall_2022\ECE47700\src\uart_test_project\Debug
Invoking: MCU GCC Compiler
arm-none-eabi-gcc -mcpu=cortex-m4 -mthumb -mfloat-abi=hard -mfpu=fpv4-sp-d16 -DSTM32 -DSTM32F4 -DSTM32F446RETx -DNUCLEO_F446RE -DDEBUG -DSTM32F446xx -DUSE_STDPERIPH_DRIVER -I"C:/Users/Michael/OneDrive - purdue.edu/Senior_Year/Fall_2022/ECE47700/src/uart_test_project/StdPeriph_Driver/inc" -I"C:/Users/Michael/OneDrive - purdue.edu/Senior_Year/Fall_2022/ECE47700/src/uart_test_project/inc" -I"C:/Users/Michael/OneDrive - purdue.edu/Senior_Year/Fall_2022/ECE47700/src/uart_test_project/CMSIS/device" -I"C:/Users/Michael/OneDrive - purdue.edu/Senior_Year/Fall_2022/ECE47700/src/uart_test_project/CMSIS/core" -O0 -g3 -Wall -fmessage-length=0 -ffunction-sections -c -MMD -MP -MF"StdPeriph_Driver/src/stm32f4xx_dsi.d" -MT"StdPeriph_Driver/src/stm32f4xx_dsi.o" -o "StdPeriph_Driver/src/stm32f4xx_dsi.o" "../StdPeriph_Driver/src/stm32f4xx_dsi.c"
arm-none-eabi-gcc -mcpu=cortex-m4 -mthumb -mfloat-abi=hard -mfpu=fpv4-sp-d16 -DSTM32 -DSTM32F4 -DSTM32F446RETx -DNUCLEO_F446RE -DDEBUG -DSTM32F446xx -DUSE_STDPERIPH_DRIVER -I"C:/Users/Michael/OneDrive - purdue.edu/Senior_Year/Fall_2022/ECE47700/src/uart_test_project/StdPeriph_Driver/inc" -I"C:/Users/Michael/OneDrive - purdue.edu/Senior_Year/Fall_2022/ECE47700/src/uart_test_project/inc" -I"C:/Users/Michael/OneDrive - purdue.edu/Senior_Year/Fall_2022/ECE47700/src/uart_test_project/CMSIS/device" -I"C:/Users/Michael/OneDrive - purdue.edu/Senior_Year/Fall_2022/ECE47700/src/uart_test_project/CMSIS/core" -O0 -g3 -Wall -fmessage-length=0 -ffunction-sections -c -MMD -MP -MF"StdPeriph_Driver/src/stm32f4xx_exti.d" -MT"StdPeriph_Driver/src/stm32f4xx_exti.o" -o "StdPeriph_Driver/src/stm32f4xx_exti.o" "../StdPeriph_Driver/src/stm32f4xx_exti.c"
C:\Users\Michael\OneDrive - purdue.edu\Senior_Year\Fall_2022\ECE47700\src\uart_test_project\Debug
arm-none-eabi-gcc -mcpu=cortex-m4 -mthumb -mfloat-abi=hard -mfpu=fpv4-sp-d16 -DSTM32 -DSTM32F4 -DSTM32F446RETx -DNUCLEO_F446RE -DDEBUG -DSTM32F446xx -DUSE_STDPERIPH_DRIVER -I"C:/Users/Michael/OneDrive - purdue.edu/Senior_Year/Fall_2022/ECE47700/src/uart_test_project/StdPeriph_Driver/inc" -I"C:/Users/Michael/OneDrive - purdue.edu/Senior_Year/Fall_2022/ECE47700/src/uart_test_project/inc" -I"C:/Users/Michael/OneDrive - purdue.edu/Senior_Year/Fall_2022/ECE47700/src/uart_test_project/CMSIS/device" -I"C:/Users/Michael/OneDrive - purdue.edu/Senior_Year/Fall_2022/ECE47700/src/uart_test_project/CMSIS/core" -O0 -g3 -Wall -fmessage-length=0 -ffunction-sections -c -MMD -MP -MF"StdPeriph_Driver/src/stm32f4xx_flash.d" -MT"StdPeriph_Driver/src/stm32f4xx_flash.o" -o "StdPeriph_Driver/src/stm32f4xx_flash.o" "../StdPeriph_Driver/src/stm32f4xx_flash.c"
Finished building: ../StdPeriph_Driver/src/stm32f4xx_dbgmcu.c
Finished building: ../StdPeriph_Driver/src/stm32f4xx_dfsdm.c
 
Finished building: ../StdPeriph_Driver/src/stm32f4xx_dcmi.c
Finished building: ../StdPeriph_Driver/src/stm32f4xx_dma.c
 
 
 
Building file: ../StdPeriph_Driver/src/stm32f4xx_flash_ramfunc.c
Building file: ../StdPeriph_Driver/src/stm32f4xx_fmc.c
Finished building: ../StdPeriph_Driver/src/stm32f4xx_dma2d.c
Invoking: MCU GCC Compiler
Building file: ../StdPeriph_Driver/src/stm32f4xx_fsmc.c
Building file: ../StdPeriph_Driver/src/stm32f4xx_fmip2c.c
Invoking: MCU GCC Compiler
C:\Users\Michael\OneDrive - purdue.edu\Senior_Year\Fall_2022\ECE47700\src\uart_test_project\Debug
C:\Users\Michael\OneDrive - purdue.edu\Senior_Year\Fall_2022\ECE47700\src\uart_test_project\Debug
Finished building: ../StdPeriph_Driver/src/stm32f4xx_exti.c
arm-none-eabi-gcc -mcpu=cortex-m4 -mthumb -mfloat-abi=hard -mfpu=fpv4-sp-d16 -DSTM32 -DSTM32F4 -DSTM32F446RETx -DNUCLEO_F446RE -DDEBUG -DSTM32F446xx -DUSE_STDPERIPH_DRIVER -I"C:/Users/Michael/OneDrive - purdue.edu/Senior_Year/Fall_2022/ECE47700/src/uart_test_project/StdPeriph_Driver/inc" -I"C:/Users/Michael/OneDrive - purdue.edu/Senior_Year/Fall_2022/ECE47700/src/uart_test_project/inc" -I"C:/Users/Michael/OneDrive - purdue.edu/Senior_Year/Fall_2022/ECE47700/src/uart_test_project/CMSIS/device" -I"C:/Users/Michael/OneDrive - purdue.edu/Senior_Year/Fall_2022/ECE47700/src/uart_test_project/CMSIS/core" -O0 -g3 -Wall -fmessage-length=0 -ffunction-sections -c -MMD -MP -MF"StdPeriph_Driver/src/stm32f4xx_fmc.d" -MT"StdPeriph_Driver/src/stm32f4xx_fmc.o" -o "StdPeriph_Driver/src/stm32f4xx_fmc.o" "../StdPeriph_Driver/src/stm32f4xx_fmc.c"
arm-none-eabi-gcc -mcpu=cortex-m4 -mthumb -mfloat-abi=hard -mfpu=fpv4-sp-d16 -DSTM32 -DSTM32F4 -DSTM32F446RETx -DNUCLEO_F446RE -DDEBUG -DSTM32F446xx -DUSE_STDPERIPH_DRIVER -I"C:/Users/Michael/OneDrive - purdue.edu/Senior_Year/Fall_2022/ECE47700/src/uart_test_project/StdPeriph_Driver/inc" -I"C:/Users/Michael/OneDrive - purdue.edu/Senior_Year/Fall_2022/ECE47700/src/uart_test_project/inc" -I"C:/Users/Michael/OneDrive - purdue.edu/Senior_Year/Fall_2022/ECE47700/src/uart_test_project/CMSIS/device" -I"C:/Users/Michael/OneDrive - purdue.edu/Senior_Year/Fall_2022/ECE47700/src/uart_test_project/CMSIS/core" -O0 -g3 -Wall -fmessage-length=0 -ffunction-sections -c -MMD -MP -MF"StdPeriph_Driver/src/stm32f4xx_flash_ramfunc.d" -MT"StdPeriph_Driver/src/stm32f4xx_flash_ramfunc.o" -o "StdPeriph_Driver/src/stm32f4xx_flash_ramfunc.o" "../StdPeriph_Driver/src/stm32f4xx_flash_ramfunc.c"
 
Invoking: MCU GCC Compiler
 
Building file: ../StdPeriph_Driver/src/stm32f4xx_gpio.c
Invoking: MCU GCC Compiler
Building file: ../StdPeriph_Driver/src/stm32f4xx_hash.c
C:\Users\Michael\OneDrive - purdue.edu\Senior_Year\Fall_2022\ECE47700\src\uart_test_project\Debug
C:\Users\Michael\OneDrive - purdue.edu\Senior_Year\Fall_2022\ECE47700\src\uart_test_project\Debug
arm-none-eabi-gcc -mcpu=cortex-m4 -mthumb -mfloat-abi=hard -mfpu=fpv4-sp-d16 -DSTM32 -DSTM32F4 -DSTM32F446RETx -DNUCLEO_F446RE -DDEBUG -DSTM32F446xx -DUSE_STDPERIPH_DRIVER -I"C:/Users/Michael/OneDrive - purdue.edu/Senior_Year/Fall_2022/ECE47700/src/uart_test_project/StdPeriph_Driver/inc" -I"C:/Users/Michael/OneDrive - purdue.edu/Senior_Year/Fall_2022/ECE47700/src/uart_test_project/inc" -I"C:/Users/Michael/OneDrive - purdue.edu/Senior_Year/Fall_2022/ECE47700/src/uart_test_project/CMSIS/device" -I"C:/Users/Michael/OneDrive - purdue.edu/Senior_Year/Fall_2022/ECE47700/src/uart_test_project/CMSIS/core" -O0 -g3 -Wall -fmessage-length=0 -ffunction-sections -c -MMD -MP -MF"StdPeriph_Driver/src/stm32f4xx_fsmc.d" -MT"StdPeriph_Driver/src/stm32f4xx_fsmc.o" -o "StdPeriph_Driver/src/stm32f4xx_fsmc.o" "../StdPeriph_Driver/src/stm32f4xx_fsmc.c"
Finished building: ../StdPeriph_Driver/src/stm32f4xx_dsi.c
arm-none-eabi-gcc -mcpu=cortex-m4 -mthumb -mfloat-abi=hard -mfpu=fpv4-sp-d16 -DSTM32 -DSTM32F4 -DSTM32F446RETx -DNUCLEO_F446RE -DDEBUG -DSTM32F446xx -DUSE_STDPERIPH_DRIVER -I"C:/Users/Michael/OneDrive - purdue.edu/Senior_Year/Fall_2022/ECE47700/src/uart_test_project/StdPeriph_Driver/inc" -I"C:/Users/Michael/OneDrive - purdue.edu/Senior_Year/Fall_2022/ECE47700/src/uart_test_project/inc" -I"C:/Users/Michael/OneDrive - purdue.edu/Senior_Year/Fall_2022/ECE47700/src/uart_test_project/CMSIS/device" -I"C:/Users/Michael/OneDrive - purdue.edu/Senior_Year/Fall_2022/ECE47700/src/uart_test_project/CMSIS/core" -O0 -g3 -Wall -fmessage-length=0 -ffunction-sections -c -MMD -MP -MF"StdPeriph_Driver/src/stm32f4xx_fmip2c.d" -MT"StdPeriph_Driver/src/stm32f4xx_fmip2c.o" -o "StdPeriph_Driver/src/stm32f4xx_fmip2c.o" "../StdPeriph_Driver/src/stm32f4xx_fmip2c.c"
Invoking: MCU GCC Compiler
Invoking: MCU GCC Compiler
Finished building: ../StdPeriph_Driver/src/stm32f4xx_flash.c
 
C:\Users\Michael\OneDrive - purdue.edu\Senior_Year\Fall_2022\ECE47700\src\uart_test_project\Debug
C:\Users\Michael\OneDrive - purdue.edu\Senior_Year\Fall_2022\ECE47700\src\uart_test_project\Debug
arm-none-eabi-gcc -mcpu=cortex-m4 -mthumb -mfloat-abi=hard -mfpu=fpv4-sp-d16 -DSTM32 -DSTM32F4 -DSTM32F446RETx -DNUCLEO_F446RE -DDEBUG -DSTM32F446xx -DUSE_STDPERIPH_DRIVER -I"C:/Users/Michael/OneDrive - purdue.edu/Senior_Year/Fall_2022/ECE47700/src/uart_test_project/StdPeriph_Driver/inc" -I"C:/Users/Michael/OneDrive - purdue.edu/Senior_Year/Fall_2022/ECE47700/src/uart_test_project/inc" -I"C:/Users/Michael/OneDrive - purdue.edu/Senior_Year/Fall_2022/ECE47700/src/uart_test_project/CMSIS/device" -I"C:/Users/Michael/OneDrive - purdue.edu/Senior_Year/Fall_2022/ECE47700/src/uart_test_project/CMSIS/core" -O0 -g3 -Wall -fmessage-length=0 -ffunction-sections -c -MMD -MP -MF"StdPeriph_Driver/src/stm32f4xx_gpio.d" -MT"StdPeriph_Driver/src/stm32f4xx_gpio.o" -o "StdPeriph_Driver/src/stm32f4xx_gpio.o" "../StdPeriph_Driver/src/stm32f4xx_gpio.c"
Building file: ../StdPeriph_Driver/src/stm32f4xx_hash_md5.c
 
arm-none-eabi-gcc -mcpu=cortex-m4 -mthumb -mfloat-abi=hard -mfpu=fpv4-sp-d16 -DSTM32 -DSTM32F4 -DSTM32F446RETx -DNUCLEO_F446RE -DDEBUG -DSTM32F446xx -DUSE_STDPERIPH_DRIVER -I"C:/Users/Michael/OneDrive - purdue.edu/Senior_Year/Fall_2022/ECE47700/src/uart_test_project/StdPeriph_Driver/inc" -I"C:/Users/Michael/OneDrive - purdue.edu/Senior_Year/Fall_2022/ECE47700/src/uart_test_project/inc" -I"C:/Users/Michael/OneDrive - purdue.edu/Senior_Year/Fall_2022/ECE47700/src/uart_test_project/CMSIS/device" -I"C:/Users/Michael/OneDrive - purdue.edu/Senior_Year/Fall_2022/ECE47700/src/uart_test_project/CMSIS/core" -O0 -g3 -Wall -fmessage-length=0 -ffunction-sections -c -MMD -MP -MF"StdPeriph_Driver/src/stm32f4xx_hash.d" -MT"StdPeriph_Driver/src/stm32f4xx_hash.o" -o "StdPeriph_Driver/src/stm32f4xx_hash.o" "../StdPeriph_Driver/src/stm32f4xx_hash.c"
Building file: ../StdPeriph_Driver/src/stm32f4xx_hash_sha1.c
Invoking: MCU GCC Compiler
Invoking: MCU GCC Compiler
C:\Users\Michael\OneDrive - purdue.edu\Senior_Year\Fall_2022\ECE47700\src\uart_test_project\Debug
arm-none-eabi-gcc -mcpu=cortex-m4 -mthumb -mfloat-abi=hard -mfpu=fpv4-sp-d16 -DSTM32 -DSTM32F4 -DSTM32F446RETx -DNUCLEO_F446RE -DDEBUG -DSTM32F446xx -DUSE_STDPERIPH_DRIVER -I"C:/Users/Michael/OneDrive - purdue.edu/Senior_Year/Fall_2022/ECE47700/src/uart_test_project/StdPeriph_Driver/inc" -I"C:/Users/Michael/OneDrive - purdue.edu/Senior_Year/Fall_2022/ECE47700/src/uart_test_project/inc" -I"C:/Users/Michael/OneDrive - purdue.edu/Senior_Year/Fall_2022/ECE47700/src/uart_test_project/CMSIS/device" -I"C:/Users/Michael/OneDrive - purdue.edu/Senior_Year/Fall_2022/ECE47700/src/uart_test_project/CMSIS/core" -O0 -g3 -Wall -fmessage-length=0 -ffunction-sections -c -MMD -MP -MF"StdPeriph_Driver/src/stm32f4xx_hash_md5.d" -MT"StdPeriph_Driver/src/stm32f4xx_hash_md5.o" -o "StdPeriph_Driver/src/stm32f4xx_hash_md5.o" "../StdPeriph_Driver/src/stm32f4xx_hash_md5.c"
C:\Users\Michael\OneDrive - purdue.edu\Senior_Year\Fall_2022\ECE47700\src\uart_test_project\Debug
arm-none-eabi-gcc -mcpu=cortex-m4 -mthumb -mfloat-abi=hard -mfpu=fpv4-sp-d16 -DSTM32 -DSTM32F4 -DSTM32F446RETx -DNUCLEO_F446RE -DDEBUG -DSTM32F446xx -DUSE_STDPERIPH_DRIVER -I"C:/Users/Michael/OneDrive - purdue.edu/Senior_Year/Fall_2022/ECE47700/src/uart_test_project/StdPeriph_Driver/inc" -I"C:/Users/Michael/OneDrive - purdue.edu/Senior_Year/Fall_2022/ECE47700/src/uart_test_project/inc" -I"C:/Users/Michael/OneDrive - purdue.edu/Senior_Year/Fall_2022/ECE47700/src/uart_test_project/CMSIS/device" -I"C:/Users/Michael/OneDrive - purdue.edu/Senior_Year/Fall_2022/ECE47700/src/uart_test_project/CMSIS/core" -O0 -g3 -Wall -fmessage-length=0 -ffunction-sections -c -MMD -MP -MF"StdPeriph_Driver/src/stm32f4xx_hash_sha1.d" -MT"StdPeriph_Driver/src/stm32f4xx_hash_sha1.o" -o "StdPeriph_Driver/src/stm32f4xx_hash_sha1.o" "../StdPeriph_Driver/src/stm32f4xx_hash_sha1.c"
Finished building: ../StdPeriph_Driver/src/stm32f4xx_fmc.c
Finished building: ../StdPeriph_Driver/src/stm32f4xx_flash_ramfunc.c
 
 
Building file: ../StdPeriph_Driver/src/stm32f4xx_i2c.c
Building file: ../StdPeriph_Driver/src/stm32f4xx_iwdg.c
Finished building: ../StdPeriph_Driver/src/stm32f4xx_fsmc.c
Invoking: MCU GCC Compiler
Invoking: MCU GCC Compiler
Finished building: ../StdPeriph_Driver/src/stm32f4xx_gpio.c
 
C:\Users\Michael\OneDrive - purdue.edu\Senior_Year\Fall_2022\ECE47700\src\uart_test_project\Debug
C:\Users\Michael\OneDrive - purdue.edu\Senior_Year\Fall_2022\ECE47700\src\uart_test_project\Debug
arm-none-eabi-gcc -mcpu=cortex-m4 -mthumb -mfloat-abi=hard -mfpu=fpv4-sp-d16 -DSTM32 -DSTM32F4 -DSTM32F446RETx -DNUCLEO_F446RE -DDEBUG -DSTM32F446xx -DUSE_STDPERIPH_DRIVER -I"C:/Users/Michael/OneDrive - purdue.edu/Senior_Year/Fall_2022/ECE47700/src/uart_test_project/StdPeriph_Driver/inc" -I"C:/Users/Michael/OneDrive - purdue.edu/Senior_Year/Fall_2022/ECE47700/src/uart_test_project/inc" -I"C:/Users/Michael/OneDrive - purdue.edu/Senior_Year/Fall_2022/ECE47700/src/uart_test_project/CMSIS/device" -I"C:/Users/Michael/OneDrive - purdue.edu/Senior_Year/Fall_2022/ECE47700/src/uart_test_project/CMSIS/core" -O0 -g3 -Wall -fmessage-length=0 -ffunction-sections -c -MMD -MP -MF"StdPeriph_Driver/src/stm32f4xx_i2c.d" -MT"StdPeriph_Driver/src/stm32f4xx_i2c.o" -o "StdPeriph_Driver/src/stm32f4xx_i2c.o" "../StdPeriph_Driver/src/stm32f4xx_i2c.c"
 
arm-none-eabi-gcc -mcpu=cortex-m4 -mthumb -mfloat-abi=hard -mfpu=fpv4-sp-d16 -DSTM32 -DSTM32F4 -DSTM32F446RETx -DNUCLEO_F446RE -DDEBUG -DSTM32F446xx -DUSE_STDPERIPH_DRIVER -I"C:/Users/Michael/OneDrive - purdue.edu/Senior_Year/Fall_2022/ECE47700/src/uart_test_project/StdPeriph_Driver/inc" -I"C:/Users/Michael/OneDrive - purdue.edu/Senior_Year/Fall_2022/ECE47700/src/uart_test_project/inc" -I"C:/Users/Michael/OneDrive - purdue.edu/Senior_Year/Fall_2022/ECE47700/src/uart_test_project/CMSIS/device" -I"C:/Users/Michael/OneDrive - purdue.edu/Senior_Year/Fall_2022/ECE47700/src/uart_test_project/CMSIS/core" -O0 -g3 -Wall -fmessage-length=0 -ffunction-sections -c -MMD -MP -MF"StdPeriph_Driver/src/stm32f4xx_iwdg.d" -MT"StdPeriph_Driver/src/stm32f4xx_iwdg.o" -o "StdPeriph_Driver/src/stm32f4xx_iwdg.o" "../StdPeriph_Driver/src/stm32f4xx_iwdg.c"
Finished building: ../StdPeriph_Driver/src/stm32f4xx_hash.c
Building file: ../StdPeriph_Driver/src/stm32f4xx_lptim.c
 
Finished building: ../StdPeriph_Driver/src/stm32f4xx_fmip2c.c
Invoking: MCU GCC Compiler
Building file: ../StdPeriph_Driver/src/stm32f4xx_ltdc.c
Building file: ../StdPeriph_Driver/src/stm32f4xx_pwr.c
Invoking: MCU GCC Compiler
 
Invoking: MCU GCC Compiler
C:\Users\Michael\OneDrive - purdue.edu\Senior_Year\Fall_2022\ECE47700\src\uart_test_project\Debug
Building file: ../StdPeriph_Driver/src/stm32f4xx_qspi.c
arm-none-eabi-gcc -mcpu=cortex-m4 -mthumb -mfloat-abi=hard -mfpu=fpv4-sp-d16 -DSTM32 -DSTM32F4 -DSTM32F446RETx -DNUCLEO_F446RE -DDEBUG -DSTM32F446xx -DUSE_STDPERIPH_DRIVER -I"C:/Users/Michael/OneDrive - purdue.edu/Senior_Year/Fall_2022/ECE47700/src/uart_test_project/StdPeriph_Driver/inc" -I"C:/Users/Michael/OneDrive - purdue.edu/Senior_Year/Fall_2022/ECE47700/src/uart_test_project/inc" -I"C:/Users/Michael/OneDrive - purdue.edu/Senior_Year/Fall_2022/ECE47700/src/uart_test_project/CMSIS/device" -I"C:/Users/Michael/OneDrive - purdue.edu/Senior_Year/Fall_2022/ECE47700/src/uart_test_project/CMSIS/core" -O0 -g3 -Wall -fmessage-length=0 -ffunction-sections -c -MMD -MP -MF"StdPeriph_Driver/src/stm32f4xx_lptim.d" -MT"StdPeriph_Driver/src/stm32f4xx_lptim.o" -o "StdPeriph_Driver/src/stm32f4xx_lptim.o" "../StdPeriph_Driver/src/stm32f4xx_lptim.c"
C:\Users\Michael\OneDrive - purdue.edu\Senior_Year\Fall_2022\ECE47700\src\uart_test_project\Debug
arm-none-eabi-gcc -mcpu=cortex-m4 -mthumb -mfloat-abi=hard -mfpu=fpv4-sp-d16 -DSTM32 -DSTM32F4 -DSTM32F446RETx -DNUCLEO_F446RE -DDEBUG -DSTM32F446xx -DUSE_STDPERIPH_DRIVER -I"C:/Users/Michael/OneDrive - purdue.edu/Senior_Year/Fall_2022/ECE47700/src/uart_test_project/StdPeriph_Driver/inc" -I"C:/Users/Michael/OneDrive - purdue.edu/Senior_Year/Fall_2022/ECE47700/src/uart_test_project/inc" -I"C:/Users/Michael/OneDrive - purdue.edu/Senior_Year/Fall_2022/ECE47700/src/uart_test_project/CMSIS/device" -I"C:/Users/Michael/OneDrive - purdue.edu/Senior_Year/Fall_2022/ECE47700/src/uart_test_project/CMSIS/core" -O0 -g3 -Wall -fmessage-length=0 -ffunction-sections -c -MMD -MP -MF"StdPeriph_Driver/src/stm32f4xx_ltdc.d" -MT"StdPeriph_Driver/src/stm32f4xx_ltdc.o" -o "StdPeriph_Driver/src/stm32f4xx_ltdc.o" "../StdPeriph_Driver/src/stm32f4xx_ltdc.c"
C:\Users\Michael\OneDrive - purdue.edu\Senior_Year\Fall_2022\ECE47700\src\uart_test_project\Debug
Finished building: ../StdPeriph_Driver/src/stm32f4xx_hash_md5.c
arm-none-eabi-gcc -mcpu=cortex-m4 -mthumb -mfloat-abi=hard -mfpu=fpv4-sp-d16 -DSTM32 -DSTM32F4 -DSTM32F446RETx -DNUCLEO_F446RE -DDEBUG -DSTM32F446xx -DUSE_STDPERIPH_DRIVER -I"C:/Users/Michael/OneDrive - purdue.edu/Senior_Year/Fall_2022/ECE47700/src/uart_test_project/StdPeriph_Driver/inc" -I"C:/Users/Michael/OneDrive - purdue.edu/Senior_Year/Fall_2022/ECE47700/src/uart_test_project/inc" -I"C:/Users/Michael/OneDrive - purdue.edu/Senior_Year/Fall_2022/ECE47700/src/uart_test_project/CMSIS/device" -I"C:/Users/Michael/OneDrive - purdue.edu/Senior_Year/Fall_2022/ECE47700/src/uart_test_project/CMSIS/core" -O0 -g3 -Wall -fmessage-length=0 -ffunction-sections -c -MMD -MP -MF"StdPeriph_Driver/src/stm32f4xx_pwr.d" -MT"StdPeriph_Driver/src/stm32f4xx_pwr.o" -o "StdPeriph_Driver/src/stm32f4xx_pwr.o" "../StdPeriph_Driver/src/stm32f4xx_pwr.c"
Invoking: MCU GCC Compiler
 
C:\Users\Michael\OneDrive - purdue.edu\Senior_Year\Fall_2022\ECE47700\src\uart_test_project\Debug
Building file: ../StdPeriph_Driver/src/stm32f4xx_rcc.c
arm-none-eabi-gcc -mcpu=cortex-m4 -mthumb -mfloat-abi=hard -mfpu=fpv4-sp-d16 -DSTM32 -DSTM32F4 -DSTM32F446RETx -DNUCLEO_F446RE -DDEBUG -DSTM32F446xx -DUSE_STDPERIPH_DRIVER -I"C:/Users/Michael/OneDrive - purdue.edu/Senior_Year/Fall_2022/ECE47700/src/uart_test_project/StdPeriph_Driver/inc" -I"C:/Users/Michael/OneDrive - purdue.edu/Senior_Year/Fall_2022/ECE47700/src/uart_test_project/inc" -I"C:/Users/Michael/OneDrive - purdue.edu/Senior_Year/Fall_2022/ECE47700/src/uart_test_project/CMSIS/device" -I"C:/Users/Michael/OneDrive - purdue.edu/Senior_Year/Fall_2022/ECE47700/src/uart_test_project/CMSIS/core" -O0 -g3 -Wall -fmessage-length=0 -ffunction-sections -c -MMD -MP -MF"StdPeriph_Driver/src/stm32f4xx_qspi.d" -MT"StdPeriph_Driver/src/stm32f4xx_qspi.o" -o "StdPeriph_Driver/src/stm32f4xx_qspi.o" "../StdPeriph_Driver/src/stm32f4xx_qspi.c"
Finished building: ../StdPeriph_Driver/src/stm32f4xx_hash_sha1.c
Invoking: MCU GCC Compiler
 
C:\Users\Michael\OneDrive - purdue.edu\Senior_Year\Fall_2022\ECE47700\src\uart_test_project\Debug
arm-none-eabi-gcc -mcpu=cortex-m4 -mthumb -mfloat-abi=hard -mfpu=fpv4-sp-d16 -DSTM32 -DSTM32F4 -DSTM32F446RETx -DNUCLEO_F446RE -DDEBUG -DSTM32F446xx -DUSE_STDPERIPH_DRIVER -I"C:/Users/Michael/OneDrive - purdue.edu/Senior_Year/Fall_2022/ECE47700/src/uart_test_project/StdPeriph_Driver/inc" -I"C:/Users/Michael/OneDrive - purdue.edu/Senior_Year/Fall_2022/ECE47700/src/uart_test_project/inc" -I"C:/Users/Michael/OneDrive - purdue.edu/Senior_Year/Fall_2022/ECE47700/src/uart_test_project/CMSIS/device" -I"C:/Users/Michael/OneDrive - purdue.edu/Senior_Year/Fall_2022/ECE47700/src/uart_test_project/CMSIS/core" -O0 -g3 -Wall -fmessage-length=0 -ffunction-sections -c -MMD -MP -MF"StdPeriph_Driver/src/stm32f4xx_rcc.d" -MT"StdPeriph_Driver/src/stm32f4xx_rcc.o" -o "StdPeriph_Driver/src/stm32f4xx_rcc.o" "../StdPeriph_Driver/src/stm32f4xx_rcc.c"
Building file: ../StdPeriph_Driver/src/stm32f4xx_rng.c
Finished building: ../StdPeriph_Driver/src/stm32f4xx_i2c.c
Finished building: ../StdPeriph_Driver/src/stm32f4xx_iwdg.c
 
 
Invoking: MCU GCC Compiler
C:\Users\Michael\OneDrive - purdue.edu\Senior_Year\Fall_2022\ECE47700\src\uart_test_project\Debug
Building file: ../StdPeriph_Driver/src/stm32f4xx_rtc.c
Building file: ../StdPeriph_Driver/src/stm32f4xx_sai.c
arm-none-eabi-gcc -mcpu=cortex-m4 -mthumb -mfloat-abi=hard -mfpu=fpv4-sp-d16 -DSTM32 -DSTM32F4 -DSTM32F446RETx -DNUCLEO_F446RE -DDEBUG -DSTM32F446xx -DUSE_STDPERIPH_DRIVER -I"C:/Users/Michael/OneDrive - purdue.edu/Senior_Year/Fall_2022/ECE47700/src/uart_test_project/StdPeriph_Driver/inc" -I"C:/Users/Michael/OneDrive - purdue.edu/Senior_Year/Fall_2022/ECE47700/src/uart_test_project/inc" -I"C:/Users/Michael/OneDrive - purdue.edu/Senior_Year/Fall_2022/ECE47700/src/uart_test_project/CMSIS/device" -I"C:/Users/Michael/OneDrive - purdue.edu/Senior_Year/Fall_2022/ECE47700/src/uart_test_project/CMSIS/core" -O0 -g3 -Wall -fmessage-length=0 -ffunction-sections -c -MMD -MP -MF"StdPeriph_Driver/src/stm32f4xx_rng.d" -MT"StdPeriph_Driver/src/stm32f4xx_rng.o" -o "StdPeriph_Driver/src/stm32f4xx_rng.o" "../StdPeriph_Driver/src/stm32f4xx_rng.c"
Invoking: MCU GCC Compiler
Invoking: MCU GCC Compiler
C:\Users\Michael\OneDrive - purdue.edu\Senior_Year\Fall_2022\ECE47700\src\uart_test_project\Debug
Finished building: ../StdPeriph_Driver/src/stm32f4xx_lptim.c
C:\Users\Michael\OneDrive - purdue.edu\Senior_Year\Fall_2022\ECE47700\src\uart_test_project\Debug
arm-none-eabi-gcc -mcpu=cortex-m4 -mthumb -mfloat-abi=hard -mfpu=fpv4-sp-d16 -DSTM32 -DSTM32F4 -DSTM32F446RETx -DNUCLEO_F446RE -DDEBUG -DSTM32F446xx -DUSE_STDPERIPH_DRIVER -I"C:/Users/Michael/OneDrive - purdue.edu/Senior_Year/Fall_2022/ECE47700/src/uart_test_project/StdPeriph_Driver/inc" -I"C:/Users/Michael/OneDrive - purdue.edu/Senior_Year/Fall_2022/ECE47700/src/uart_test_project/inc" -I"C:/Users/Michael/OneDrive - purdue.edu/Senior_Year/Fall_2022/ECE47700/src/uart_test_project/CMSIS/device" -I"C:/Users/Michael/OneDrive - purdue.edu/Senior_Year/Fall_2022/ECE47700/src/uart_test_project/CMSIS/core" -O0 -g3 -Wall -fmessage-length=0 -ffunction-sections -c -MMD -MP -MF"StdPeriph_Driver/src/stm32f4xx_rtc.d" -MT"StdPeriph_Driver/src/stm32f4xx_rtc.o" -o "StdPeriph_Driver/src/stm32f4xx_rtc.o" "../StdPeriph_Driver/src/stm32f4xx_rtc.c"
arm-none-eabi-gcc -mcpu=cortex-m4 -mthumb -mfloat-abi=hard -mfpu=fpv4-sp-d16 -DSTM32 -DSTM32F4 -DSTM32F446RETx -DNUCLEO_F446RE -DDEBUG -DSTM32F446xx -DUSE_STDPERIPH_DRIVER -I"C:/Users/Michael/OneDrive - purdue.edu/Senior_Year/Fall_2022/ECE47700/src/uart_test_project/StdPeriph_Driver/inc" -I"C:/Users/Michael/OneDrive - purdue.edu/Senior_Year/Fall_2022/ECE47700/src/uart_test_project/inc" -I"C:/Users/Michael/OneDrive - purdue.edu/Senior_Year/Fall_2022/ECE47700/src/uart_test_project/CMSIS/device" -I"C:/Users/Michael/OneDrive - purdue.edu/Senior_Year/Fall_2022/ECE47700/src/uart_test_project/CMSIS/core" -O0 -g3 -Wall -fmessage-length=0 -ffunction-sections -c -MMD -MP -MF"StdPeriph_Driver/src/stm32f4xx_sai.d" -MT"StdPeriph_Driver/src/stm32f4xx_sai.o" -o "StdPeriph_Driver/src/stm32f4xx_sai.o" "../StdPeriph_Driver/src/stm32f4xx_sai.c"
Finished building: ../StdPeriph_Driver/src/stm32f4xx_ltdc.c
 
Finished building: ../StdPeriph_Driver/src/stm32f4xx_pwr.c
 
Finished building: ../StdPeriph_Driver/src/stm32f4xx_qspi.c
 
Building file: ../StdPeriph_Driver/src/stm32f4xx_sdio.c
 
Invoking: MCU GCC Compiler
Building file: ../StdPeriph_Driver/src/stm32f4xx_spdifrx.c
Building file: ../StdPeriph_Driver/src/stm32f4xx_spi.c
Building file: ../StdPeriph_Driver/src/stm32f4xx_syscfg.c
C:\Users\Michael\OneDrive - purdue.edu\Senior_Year\Fall_2022\ECE47700\src\uart_test_project\Debug
Invoking: MCU GCC Compiler
arm-none-eabi-gcc -mcpu=cortex-m4 -mthumb -mfloat-abi=hard -mfpu=fpv4-sp-d16 -DSTM32 -DSTM32F4 -DSTM32F446RETx -DNUCLEO_F446RE -DDEBUG -DSTM32F446xx -DUSE_STDPERIPH_DRIVER -I"C:/Users/Michael/OneDrive - purdue.edu/Senior_Year/Fall_2022/ECE47700/src/uart_test_project/StdPeriph_Driver/inc" -I"C:/Users/Michael/OneDrive - purdue.edu/Senior_Year/Fall_2022/ECE47700/src/uart_test_project/inc" -I"C:/Users/Michael/OneDrive - purdue.edu/Senior_Year/Fall_2022/ECE47700/src/uart_test_project/CMSIS/device" -I"C:/Users/Michael/OneDrive - purdue.edu/Senior_Year/Fall_2022/ECE47700/src/uart_test_project/CMSIS/core" -O0 -g3 -Wall -fmessage-length=0 -ffunction-sections -c -MMD -MP -MF"StdPeriph_Driver/src/stm32f4xx_sdio.d" -MT"StdPeriph_Driver/src/stm32f4xx_sdio.o" -o "StdPeriph_Driver/src/stm32f4xx_sdio.o" "../StdPeriph_Driver/src/stm32f4xx_sdio.c"
Invoking: MCU GCC Compiler
Invoking: MCU GCC Compiler
C:\Users\Michael\OneDrive - purdue.edu\Senior_Year\Fall_2022\ECE47700\src\uart_test_project\Debug
arm-none-eabi-gcc -mcpu=cortex-m4 -mthumb -mfloat-abi=hard -mfpu=fpv4-sp-d16 -DSTM32 -DSTM32F4 -DSTM32F446RETx -DNUCLEO_F446RE -DDEBUG -DSTM32F446xx -DUSE_STDPERIPH_DRIVER -I"C:/Users/Michael/OneDrive - purdue.edu/Senior_Year/Fall_2022/ECE47700/src/uart_test_project/StdPeriph_Driver/inc" -I"C:/Users/Michael/OneDrive - purdue.edu/Senior_Year/Fall_2022/ECE47700/src/uart_test_project/inc" -I"C:/Users/Michael/OneDrive - purdue.edu/Senior_Year/Fall_2022/ECE47700/src/uart_test_project/CMSIS/device" -I"C:/Users/Michael/OneDrive - purdue.edu/Senior_Year/Fall_2022/ECE47700/src/uart_test_project/CMSIS/core" -O0 -g3 -Wall -fmessage-length=0 -ffunction-sections -c -MMD -MP -MF"StdPeriph_Driver/src/stm32f4xx_spdifrx.d" -MT"StdPeriph_Driver/src/stm32f4xx_spdifrx.o" -o "StdPeriph_Driver/src/stm32f4xx_spdifrx.o" "../StdPeriph_Driver/src/stm32f4xx_spdifrx.c"
C:\Users\Michael\OneDrive - purdue.edu\Senior_Year\Fall_2022\ECE47700\src\uart_test_project\Debug
C:\Users\Michael\OneDrive - purdue.edu\Senior_Year\Fall_2022\ECE47700\src\uart_test_project\Debug
Finished building: ../StdPeriph_Driver/src/stm32f4xx_rcc.c
arm-none-eabi-gcc -mcpu=cortex-m4 -mthumb -mfloat-abi=hard -mfpu=fpv4-sp-d16 -DSTM32 -DSTM32F4 -DSTM32F446RETx -DNUCLEO_F446RE -DDEBUG -DSTM32F446xx -DUSE_STDPERIPH_DRIVER -I"C:/Users/Michael/OneDrive - purdue.edu/Senior_Year/Fall_2022/ECE47700/src/uart_test_project/StdPeriph_Driver/inc" -I"C:/Users/Michael/OneDrive - purdue.edu/Senior_Year/Fall_2022/ECE47700/src/uart_test_project/inc" -I"C:/Users/Michael/OneDrive - purdue.edu/Senior_Year/Fall_2022/ECE47700/src/uart_test_project/CMSIS/device" -I"C:/Users/Michael/OneDrive - purdue.edu/Senior_Year/Fall_2022/ECE47700/src/uart_test_project/CMSIS/core" -O0 -g3 -Wall -fmessage-length=0 -ffunction-sections -c -MMD -MP -MF"StdPeriph_Driver/src/stm32f4xx_spi.d" -MT"StdPeriph_Driver/src/stm32f4xx_spi.o" -o "StdPeriph_Driver/src/stm32f4xx_spi.o" "../StdPeriph_Driver/src/stm32f4xx_spi.c"
arm-none-eabi-gcc -mcpu=cortex-m4 -mthumb -mfloat-abi=hard -mfpu=fpv4-sp-d16 -DSTM32 -DSTM32F4 -DSTM32F446RETx -DNUCLEO_F446RE -DDEBUG -DSTM32F446xx -DUSE_STDPERIPH_DRIVER -I"C:/Users/Michael/OneDrive - purdue.edu/Senior_Year/Fall_2022/ECE47700/src/uart_test_project/StdPeriph_Driver/inc" -I"C:/Users/Michael/OneDrive - purdue.edu/Senior_Year/Fall_2022/ECE47700/src/uart_test_project/inc" -I"C:/Users/Michael/OneDrive - purdue.edu/Senior_Year/Fall_2022/ECE47700/src/uart_test_project/CMSIS/device" -I"C:/Users/Michael/OneDrive - purdue.edu/Senior_Year/Fall_2022/ECE47700/src/uart_test_project/CMSIS/core" -O0 -g3 -Wall -fmessage-length=0 -ffunction-sections -c -MMD -MP -MF"StdPeriph_Driver/src/stm32f4xx_syscfg.d" -MT"StdPeriph_Driver/src/stm32f4xx_syscfg.o" -o "StdPeriph_Driver/src/stm32f4xx_syscfg.o" "../StdPeriph_Driver/src/stm32f4xx_syscfg.c"
 
Building file: ../StdPeriph_Driver/src/stm32f4xx_tim.c
Finished building: ../StdPeriph_Driver/src/stm32f4xx_rng.c
Invoking: MCU GCC Compiler
 
Building file: ../StdPeriph_Driver/src/stm32f4xx_usart.c
C:\Users\Michael\OneDrive - purdue.edu\Senior_Year\Fall_2022\ECE47700\src\uart_test_project\Debug
arm-none-eabi-gcc -mcpu=cortex-m4 -mthumb -mfloat-abi=hard -mfpu=fpv4-sp-d16 -DSTM32 -DSTM32F4 -DSTM32F446RETx -DNUCLEO_F446RE -DDEBUG -DSTM32F446xx -DUSE_STDPERIPH_DRIVER -I"C:/Users/Michael/OneDrive - purdue.edu/Senior_Year/Fall_2022/ECE47700/src/uart_test_project/StdPeriph_Driver/inc" -I"C:/Users/Michael/OneDrive - purdue.edu/Senior_Year/Fall_2022/ECE47700/src/uart_test_project/inc" -I"C:/Users/Michael/OneDrive - purdue.edu/Senior_Year/Fall_2022/ECE47700/src/uart_test_project/CMSIS/device" -I"C:/Users/Michael/OneDrive - purdue.edu/Senior_Year/Fall_2022/ECE47700/src/uart_test_project/CMSIS/core" -O0 -g3 -Wall -fmessage-length=0 -ffunction-sections -c -MMD -MP -MF"StdPeriph_Driver/src/stm32f4xx_tim.d" -MT"StdPeriph_Driver/src/stm32f4xx_tim.o" -o "StdPeriph_Driver/src/stm32f4xx_tim.o" "../StdPeriph_Driver/src/stm32f4xx_tim.c"
Finished building: ../StdPeriph_Driver/src/stm32f4xx_sai.c
Invoking: MCU GCC Compiler
 
Finished building: ../StdPeriph_Driver/src/stm32f4xx_rtc.c
C:\Users\Michael\OneDrive - purdue.edu\Senior_Year\Fall_2022\ECE47700\src\uart_test_project\Debug
arm-none-eabi-gcc -mcpu=cortex-m4 -mthumb -mfloat-abi=hard -mfpu=fpv4-sp-d16 -DSTM32 -DSTM32F4 -DSTM32F446RETx -DNUCLEO_F446RE -DDEBUG -DSTM32F446xx -DUSE_STDPERIPH_DRIVER -I"C:/Users/Michael/OneDrive - purdue.edu/Senior_Year/Fall_2022/ECE47700/src/uart_test_project/StdPeriph_Driver/inc" -I"C:/Users/Michael/OneDrive - purdue.edu/Senior_Year/Fall_2022/ECE47700/src/uart_test_project/inc" -I"C:/Users/Michael/OneDrive - purdue.edu/Senior_Year/Fall_2022/ECE47700/src/uart_test_project/CMSIS/device" -I"C:/Users/Michael/OneDrive - purdue.edu/Senior_Year/Fall_2022/ECE47700/src/uart_test_project/CMSIS/core" -O0 -g3 -Wall -fmessage-length=0 -ffunction-sections -c -MMD -MP -MF"StdPeriph_Driver/src/stm32f4xx_usart.d" -MT"StdPeriph_Driver/src/stm32f4xx_usart.o" -o "StdPeriph_Driver/src/stm32f4xx_usart.o" "../StdPeriph_Driver/src/stm32f4xx_usart.c"
Building file: ../StdPeriph_Driver/src/stm32f4xx_wwdg.c
 
Invoking: MCU GCC Compiler
Finished building: ../StdPeriph_Driver/src/stm32f4xx_spdifrx.c
Finished building: ../StdPeriph_Driver/src/stm32f4xx_sdio.c
C:\Users\Michael\OneDrive - purdue.edu\Senior_Year\Fall_2022\ECE47700\src\uart_test_project\Debug
arm-none-eabi-gcc -mcpu=cortex-m4 -mthumb -mfloat-abi=hard -mfpu=fpv4-sp-d16 -DSTM32 -DSTM32F4 -DSTM32F446RETx -DNUCLEO_F446RE -DDEBUG -DSTM32F446xx -DUSE_STDPERIPH_DRIVER -I"C:/Users/Michael/OneDrive - purdue.edu/Senior_Year/Fall_2022/ECE47700/src/uart_test_project/StdPeriph_Driver/inc" -I"C:/Users/Michael/OneDrive - purdue.edu/Senior_Year/Fall_2022/ECE47700/src/uart_test_project/inc" -I"C:/Users/Michael/OneDrive - purdue.edu/Senior_Year/Fall_2022/ECE47700/src/uart_test_project/CMSIS/device" -I"C:/Users/Michael/OneDrive - purdue.edu/Senior_Year/Fall_2022/ECE47700/src/uart_test_project/CMSIS/core" -O0 -g3 -Wall -fmessage-length=0 -ffunction-sections -c -MMD -MP -MF"StdPeriph_Driver/src/stm32f4xx_wwdg.d" -MT"StdPeriph_Driver/src/stm32f4xx_wwdg.o" -o "StdPeriph_Driver/src/stm32f4xx_wwdg.o" "../StdPeriph_Driver/src/stm32f4xx_wwdg.c"
 
 
Finished building: ../StdPeriph_Driver/src/stm32f4xx_spi.c
Finished building: ../StdPeriph_Driver/src/stm32f4xx_syscfg.c
 
 
Finished building: ../StdPeriph_Driver/src/stm32f4xx_usart.c
 
Finished building: ../StdPeriph_Driver/src/stm32f4xx_tim.c
 
Finished building: ../StdPeriph_Driver/src/stm32f4xx_wwdg.c
 
Building target: uart_test_project.elf
Invoking: MCU GCC Linker
arm-none-eabi-gcc -mcpu=cortex-m4 -mthumb -mfloat-abi=hard -mfpu=fpv4-sp-d16 -T"C:/Users/Michael/OneDrive - purdue.edu/Senior_Year/Fall_2022/ECE47700/src/uart_test_project/LinkerScript.ld" -Wl,-Map=output.map -Wl,--gc-sections -o "uart_test_project.elf" @"objects.list"   -lm
Finished building target: uart_test_project.elf
 
make --no-print-directory post-build
Generating binary and Printing size information:
arm-none-eabi-objcopy -O binary "uart_test_project.elf" "uart_test_project.bin"
arm-none-eabi-size "uart_test_project.elf"
   text	   data	    bss	    dec	    hex	filename
  27096	   2500	   1304	  30900	   78b4	uart_test_project.elf
 
15:17:30 **** Incremental Build of configuration Debug for project uart_test_project ****
make -j8 all 
make: Nothing to be done for 'all'.
15:18:28 **** Incremental Build of configuration Debug for project uart_test_project ****
make -j8 all 
Building file: ../src/main.c
Invoking: MCU GCC Compiler
C:\Users\Michael\OneDrive - purdue.edu\Senior_Year\Fall_2022\ECE47700\src\uart_test_project\Debug
arm-none-eabi-gcc -mcpu=cortex-m4 -mthumb -mfloat-abi=hard -mfpu=fpv4-sp-d16 -DSTM32 -DSTM32F4 -DSTM32F446RETx -DNUCLEO_F446RE -DDEBUG -DSTM32F446xx -DUSE_STDPERIPH_DRIVER -I"C:/Users/Michael/OneDrive - purdue.edu/Senior_Year/Fall_2022/ECE47700/src/uart_test_project/StdPeriph_Driver/inc" -I"C:/Users/Michael/OneDrive - purdue.edu/Senior_Year/Fall_2022/ECE47700/src/uart_test_project/inc" -I"C:/Users/Michael/OneDrive - purdue.edu/Senior_Year/Fall_2022/ECE47700/src/uart_test_project/CMSIS/device" -I"C:/Users/Michael/OneDrive - purdue.edu/Senior_Year/Fall_2022/ECE47700/src/uart_test_project/CMSIS/core" -O0 -g3 -Wall -fmessage-length=0 -ffunction-sections -c -MMD -MP -MF"src/main.d" -MT"src/main.o" -o "src/main.o" "../src/main.c"
../src/main.c: In function 'enable_tty_interrupt':
../src/main.c:30:21: warning: left shift count >= width of type [-Wshift-count-overflow]
  NVIC->ISER[0] |= 1 << 37;
                     ^~
../src/main.c: In function 'main':
../src/main.c:112:26: warning: result of '255 << 28' requires 37 bits to represent, but 'int' only has 32 bits [-Wshift-overflow=]
  GPIOB->AFR[0] &= ~(0xFF << (7 *4));
                          ^~
Finished building: ../src/main.c
 
Building target: uart_test_project.elf
Invoking: MCU GCC Linker
arm-none-eabi-gcc -mcpu=cortex-m4 -mthumb -mfloat-abi=hard -mfpu=fpv4-sp-d16 -T"C:/Users/Michael/OneDrive - purdue.edu/Senior_Year/Fall_2022/ECE47700/src/uart_test_project/LinkerScript.ld" -Wl,-Map=output.map -Wl,--gc-sections -o "uart_test_project.elf" @"objects.list"   -lm
Finished building target: uart_test_project.elf
 
make --no-print-directory post-build
Generating binary and Printing size information:
arm-none-eabi-objcopy -O binary "uart_test_project.elf" "uart_test_project.bin"
arm-none-eabi-size "uart_test_project.elf"
   text	   data	    bss	    dec	    hex	filename
  50300	   2500	   1304	  54104	   d358	uart_test_project.elf
 
15:19:32 **** Incremental Build of configuration Debug for project uart_test_project ****
make -j8 all 
make: Nothing to be done for 'all'.
15:20:05 **** Incremental Build of configuration Debug for project uart_test_project ****
make -j8 all 
Building file: ../src/main.c
Invoking: MCU GCC Compiler
C:\Users\Michael\OneDrive - purdue.edu\Senior_Year\Fall_2022\ECE47700\src\uart_test_project\Debug
arm-none-eabi-gcc -mcpu=cortex-m4 -mthumb -mfloat-abi=hard -mfpu=fpv4-sp-d16 -DSTM32 -DSTM32F4 -DSTM32F446RETx -DNUCLEO_F446RE -DDEBUG -DSTM32F446xx -DUSE_STDPERIPH_DRIVER -I"C:/Users/Michael/OneDrive - purdue.edu/Senior_Year/Fall_2022/ECE47700/src/uart_test_project/StdPeriph_Driver/inc" -I"C:/Users/Michael/OneDrive - purdue.edu/Senior_Year/Fall_2022/ECE47700/src/uart_test_project/inc" -I"C:/Users/Michael/OneDrive - purdue.edu/Senior_Year/Fall_2022/ECE47700/src/uart_test_project/CMSIS/device" -I"C:/Users/Michael/OneDrive - purdue.edu/Senior_Year/Fall_2022/ECE47700/src/uart_test_project/CMSIS/core" -O0 -g3 -Wall -fmessage-length=0 -ffunction-sections -c -MMD -MP -MF"src/main.d" -MT"src/main.o" -o "src/main.o" "../src/main.c"
../src/main.c: In function 'enable_tty_interrupt':
../src/main.c:30:21: warning: left shift count >= width of type [-Wshift-count-overflow]
  NVIC->ISER[0] |= 1 << 37;
                     ^~
../src/main.c: In function 'main':
../src/main.c:112:26: warning: result of '255 << 28' requires 37 bits to represent, but 'int' only has 32 bits [-Wshift-overflow=]
  GPIOB->AFR[0] &= ~(0xFF << (7 *4));
                          ^~
Finished building: ../src/main.c
 
Building target: uart_test_project.elf
Invoking: MCU GCC Linker
arm-none-eabi-gcc -mcpu=cortex-m4 -mthumb -mfloat-abi=hard -mfpu=fpv4-sp-d16 -T"C:/Users/Michael/OneDrive - purdue.edu/Senior_Year/Fall_2022/ECE47700/src/uart_test_project/LinkerScript.ld" -Wl,-Map=output.map -Wl,--gc-sections -o "uart_test_project.elf" @"objects.list"   -lm
Finished building target: uart_test_project.elf
 
make --no-print-directory post-build
Generating binary and Printing size information:
arm-none-eabi-objcopy -O binary "uart_test_project.elf" "uart_test_project.bin"
arm-none-eabi-size "uart_test_project.elf"
   text	   data	    bss	    dec	    hex	filename
  27072	   2500	   1304	  30876	   789c	uart_test_project.elf
 
15:21:13 **** Incremental Build of configuration Debug for project uart_test_project ****
make -j8 all 
make: Nothing to be done for 'all'.
15:21:24 **** Incremental Build of configuration Debug for project uart_test_project ****
make -j8 all 
make: Nothing to be done for 'all'.
15:22:39 **** Incremental Build of configuration Debug for project uart_test_project ****
make -j8 all 
Building file: ../src/main.c
Invoking: MCU GCC Compiler
C:\Users\Michael\OneDrive - purdue.edu\Senior_Year\Fall_2022\ECE47700\src\uart_test_project\Debug
arm-none-eabi-gcc -mcpu=cortex-m4 -mthumb -mfloat-abi=hard -mfpu=fpv4-sp-d16 -DSTM32 -DSTM32F4 -DSTM32F446RETx -DNUCLEO_F446RE -DDEBUG -DSTM32F446xx -DUSE_STDPERIPH_DRIVER -I"C:/Users/Michael/OneDrive - purdue.edu/Senior_Year/Fall_2022/ECE47700/src/uart_test_project/StdPeriph_Driver/inc" -I"C:/Users/Michael/OneDrive - purdue.edu/Senior_Year/Fall_2022/ECE47700/src/uart_test_project/inc" -I"C:/Users/Michael/OneDrive - purdue.edu/Senior_Year/Fall_2022/ECE47700/src/uart_test_project/CMSIS/device" -I"C:/Users/Michael/OneDrive - purdue.edu/Senior_Year/Fall_2022/ECE47700/src/uart_test_project/CMSIS/core" -O0 -g3 -Wall -fmessage-length=0 -ffunction-sections -c -MMD -MP -MF"src/main.d" -MT"src/main.o" -o "src/main.o" "../src/main.c"
../src/main.c: In function 'enable_tty_interrupt':
../src/main.c:30:21: warning: left shift count >= width of type [-Wshift-count-overflow]
  NVIC->ISER[0] |= 1 << 37;
                     ^~
../src/main.c: In function 'main':
../src/main.c:112:26: warning: result of '255 << 28' requires 37 bits to represent, but 'int' only has 32 bits [-Wshift-overflow=]
  GPIOB->AFR[0] &= ~(0xFF << (7 *4));
                          ^~
Finished building: ../src/main.c
 
Building target: uart_test_project.elf
Invoking: MCU GCC Linker
arm-none-eabi-gcc -mcpu=cortex-m4 -mthumb -mfloat-abi=hard -mfpu=fpv4-sp-d16 -T"C:/Users/Michael/OneDrive - purdue.edu/Senior_Year/Fall_2022/ECE47700/src/uart_test_project/LinkerScript.ld" -Wl,-Map=output.map -Wl,--gc-sections -o "uart_test_project.elf" @"objects.list"   -lm
Finished building target: uart_test_project.elf
 
make --no-print-directory post-build
Generating binary and Printing size information:
arm-none-eabi-objcopy -O binary "uart_test_project.elf" "uart_test_project.bin"
arm-none-eabi-size "uart_test_project.elf"
   text	   data	    bss	    dec	    hex	filename
  27336	   2500	   1304	  31140	   79a4	uart_test_project.elf
 
09:06:06 **** Incremental Build of configuration Debug for project uart_test_project ****
make -j8 all 
Building file: ../src/main.c
Invoking: MCU GCC Compiler
C:\Users\Michael\OneDrive - purdue.edu\Senior_Year\Fall_2022\ECE47700\src\uart_test_project\Debug
arm-none-eabi-gcc -mcpu=cortex-m4 -mthumb -mfloat-abi=hard -mfpu=fpv4-sp-d16 -DSTM32 -DSTM32F4 -DSTM32F446RETx -DNUCLEO_F446RE -DDEBUG -DSTM32F446xx -DUSE_STDPERIPH_DRIVER -I"C:/Users/Michael/OneDrive - purdue.edu/Senior_Year/Fall_2022/ECE47700/src/uart_test_project/StdPeriph_Driver/inc" -I"C:/Users/Michael/OneDrive - purdue.edu/Senior_Year/Fall_2022/ECE47700/src/uart_test_project/inc" -I"C:/Users/Michael/OneDrive - purdue.edu/Senior_Year/Fall_2022/ECE47700/src/uart_test_project/CMSIS/device" -I"C:/Users/Michael/OneDrive - purdue.edu/Senior_Year/Fall_2022/ECE47700/src/uart_test_project/CMSIS/core" -O0 -g3 -Wall -fmessage-length=0 -ffunction-sections -c -MMD -MP -MF"src/main.d" -MT"src/main.o" -o "src/main.o" "../src/main.c"
../src/main.c: In function 'enable_tty_interrupt':
../src/main.c:30:21: warning: left shift count >= width of type [-Wshift-count-overflow]
  NVIC->ISER[0] |= 1 << 37;
                     ^~
Finished building: ../src/main.c
 
Building target: uart_test_project.elf
Invoking: MCU GCC Linker
arm-none-eabi-gcc -mcpu=cortex-m4 -mthumb -mfloat-abi=hard -mfpu=fpv4-sp-d16 -T"C:/Users/Michael/OneDrive - purdue.edu/Senior_Year/Fall_2022/ECE47700/src/uart_test_project/LinkerScript.ld" -Wl,-Map=output.map -Wl,--gc-sections -o "uart_test_project.elf" @"objects.list"   -lm
Finished building target: uart_test_project.elf
 
make --no-print-directory post-build
Generating binary and Printing size information:
arm-none-eabi-objcopy -O binary "uart_test_project.elf" "uart_test_project.bin"
arm-none-eabi-size "uart_test_project.elf"
   text	   data	    bss	    dec	    hex	filename
  27336	   2500	   1304	  31140	   79a4	uart_test_project.elf
 
09:06:42 **** Incremental Build of configuration Debug for project uart_test_project ****
make -j8 all 
make: Nothing to be done for 'all'.
09:07:06 **** Incremental Build of configuration Debug for project uart_test_project ****
make -j8 all 
make: Nothing to be done for 'all'.
09:08:12 **** Incremental Build of configuration Debug for project uart_test_project ****
make -j8 all 
Building file: ../src/main.c
Invoking: MCU GCC Compiler
C:\Users\Michael\OneDrive - purdue.edu\Senior_Year\Fall_2022\ECE47700\src\uart_test_project\Debug
arm-none-eabi-gcc -mcpu=cortex-m4 -mthumb -mfloat-abi=hard -mfpu=fpv4-sp-d16 -DSTM32 -DSTM32F4 -DSTM32F446RETx -DNUCLEO_F446RE -DDEBUG -DSTM32F446xx -DUSE_STDPERIPH_DRIVER -I"C:/Users/Michael/OneDrive - purdue.edu/Senior_Year/Fall_2022/ECE47700/src/uart_test_project/StdPeriph_Driver/inc" -I"C:/Users/Michael/OneDrive - purdue.edu/Senior_Year/Fall_2022/ECE47700/src/uart_test_project/inc" -I"C:/Users/Michael/OneDrive - purdue.edu/Senior_Year/Fall_2022/ECE47700/src/uart_test_project/CMSIS/device" -I"C:/Users/Michael/OneDrive - purdue.edu/Senior_Year/Fall_2022/ECE47700/src/uart_test_project/CMSIS/core" -O0 -g3 -Wall -fmessage-length=0 -ffunction-sections -c -MMD -MP -MF"src/main.d" -MT"src/main.o" -o "src/main.o" "../src/main.c"
../src/main.c: In function 'enable_tty_interrupt':
../src/main.c:30:21: warning: left shift count >= width of type [-Wshift-count-overflow]
  NVIC->ISER[0] |= 1 << 37;
                     ^~
Finished building: ../src/main.c
 
Building target: uart_test_project.elf
Invoking: MCU GCC Linker
arm-none-eabi-gcc -mcpu=cortex-m4 -mthumb -mfloat-abi=hard -mfpu=fpv4-sp-d16 -T"C:/Users/Michael/OneDrive - purdue.edu/Senior_Year/Fall_2022/ECE47700/src/uart_test_project/LinkerScript.ld" -Wl,-Map=output.map -Wl,--gc-sections -o "uart_test_project.elf" @"objects.list"   -lm
Finished building target: uart_test_project.elf
 
make --no-print-directory post-build
Generating binary and Printing size information:
arm-none-eabi-objcopy -O binary "uart_test_project.elf" "uart_test_project.bin"
arm-none-eabi-size "uart_test_project.elf"
   text	   data	    bss	    dec	    hex	filename
  27064	   2500	   1304	  30868	   7894	uart_test_project.elf
 
09:09:41 **** Incremental Build of configuration Debug for project uart_test_project ****
make -j8 all 
make: Nothing to be done for 'all'.
09:10:02 **** Incremental Build of configuration Debug for project uart_test_project ****
make -j8 all 
make: Nothing to be done for 'all'.
09:10:43 **** Incremental Build of configuration Debug for project uart_test_project ****
make -j8 all 
make: Nothing to be done for 'all'.
09:11:06 **** Incremental Build of configuration Debug for project uart_test_project ****
make -j8 all 
make: Nothing to be done for 'all'.
09:11:56 **** Incremental Build of configuration Debug for project uart_test_project ****
make -j8 all 
make: Nothing to be done for 'all'.
09:12:44 **** Incremental Build of configuration Debug for project uart_test_project ****
make -j8 all 
Building file: ../src/main.c
Invoking: MCU GCC Compiler
C:\Users\Michael\OneDrive - purdue.edu\Senior_Year\Fall_2022\ECE47700\src\uart_test_project\Debug
arm-none-eabi-gcc -mcpu=cortex-m4 -mthumb -mfloat-abi=hard -mfpu=fpv4-sp-d16 -DSTM32 -DSTM32F4 -DSTM32F446RETx -DNUCLEO_F446RE -DDEBUG -DSTM32F446xx -DUSE_STDPERIPH_DRIVER -I"C:/Users/Michael/OneDrive - purdue.edu/Senior_Year/Fall_2022/ECE47700/src/uart_test_project/StdPeriph_Driver/inc" -I"C:/Users/Michael/OneDrive - purdue.edu/Senior_Year/Fall_2022/ECE47700/src/uart_test_project/inc" -I"C:/Users/Michael/OneDrive - purdue.edu/Senior_Year/Fall_2022/ECE47700/src/uart_test_project/CMSIS/device" -I"C:/Users/Michael/OneDrive - purdue.edu/Senior_Year/Fall_2022/ECE47700/src/uart_test_project/CMSIS/core" -O0 -g3 -Wall -fmessage-length=0 -ffunction-sections -c -MMD -MP -MF"src/main.d" -MT"src/main.o" -o "src/main.o" "../src/main.c"
Finished building: ../src/main.c
 
Building target: uart_test_project.elf
Invoking: MCU GCC Linker
arm-none-eabi-gcc -mcpu=cortex-m4 -mthumb -mfloat-abi=hard -mfpu=fpv4-sp-d16 -T"C:/Users/Michael/OneDrive - purdue.edu/Senior_Year/Fall_2022/ECE47700/src/uart_test_project/LinkerScript.ld" -Wl,-Map=output.map -Wl,--gc-sections -o "uart_test_project.elf" @"objects.list"   -lm
Finished building target: uart_test_project.elf
 
make --no-print-directory post-build
Generating binary and Printing size information:
arm-none-eabi-objcopy -O binary "uart_test_project.elf" "uart_test_project.bin"
arm-none-eabi-size "uart_test_project.elf"
   text	   data	    bss	    dec	    hex	filename
  27064	   2500	   1304	  30868	   7894	uart_test_project.elf
 
09:13:36 **** Incremental Build of configuration Debug for project uart_test_project ****
make -j8 all 
make: Nothing to be done for 'all'.
09:15:00 **** Incremental Build of configuration Debug for project uart_test_project ****
make -j8 all 
make: Nothing to be done for 'all'.
10:01:40 **** Incremental Build of configuration Debug for project uart_test_project ****
make -j8 all 
make: Nothing to be done for 'all'.
